[debug] [2026-06-04T12:31:31.965Z] ----------------------------------------------------------------------
[debug] [2026-06-04T12:31:31.966Z] Command:       C:\Program Files\nodejs\node.exe C:\Users\NXT STORE\AppData\Local\npm-cache\_npx\7750544ccf494d8b\node_modules\firebase-tools\lib\bin\firebase.js deploy --only firestore:indexes --project blgasm
[debug] [2026-06-04T12:31:31.967Z] CLI Version:   15.19.1
[debug] [2026-06-04T12:31:31.967Z] Platform:      win32
[debug] [2026-06-04T12:31:31.967Z] Node Version:  v24.15.0
[debug] [2026-06-04T12:31:31.967Z] Time:          Thu Jun 04 2026 13:31:31 GMT+0100 (British Summer Time)
[debug] [2026-06-04T12:31:31.967Z] ----------------------------------------------------------------------
[debug] 
[debug] [2026-06-04T12:31:32.935Z] > command requires scopes: ["email","openid","https://www.googleapis.com/auth/cloudplatformprojects.readonly","https://www.googleapis.com/auth/firebase","https://www.googleapis.com/auth/cloud-platform"]
[debug] [2026-06-04T12:31:32.936Z] > authorizing via signed-in user (lhossohmida@gmail.com)
[debug] [2026-06-04T12:31:32.936Z] [iam] checking project blgasm for permissions ["datastore.indexes.create","datastore.indexes.delete","datastore.indexes.list","datastore.indexes.update","firebase.projects.get"]
[debug] [2026-06-04T12:31:32.937Z] Checked if tokens are valid: true, expires at: 1780579409521
[debug] [2026-06-04T12:31:32.937Z] Checked if tokens are valid: true, expires at: 1780579409521
[debug] [2026-06-04T12:31:32.937Z] >>> [apiv2][query] POST https://cloudresourcemanager.googleapis.com/v1/projects/blgasm:testIamPermissions [none]
[debug] [2026-06-04T12:31:32.937Z] >>> [apiv2][(partial)header] POST https://cloudresourcemanager.googleapis.com/v1/projects/blgasm:testIamPermissions  x-goog-user-project=blgasm
[debug] [2026-06-04T12:31:32.937Z] >>> [apiv2][body] POST https://cloudresourcemanager.googleapis.com/v1/projects/blgasm:testIamPermissions {"permissions":["datastore.indexes.create","datastore.indexes.delete","datastore.indexes.list","datastore.indexes.update","firebase.projects.get"]}
[debug] [2026-06-04T12:31:34.623Z] <<< [apiv2][status] POST https://cloudresourcemanager.googleapis.com/v1/projects/blgasm:testIamPermissions 200
[debug] [2026-06-04T12:31:34.623Z] <<< [apiv2][body] POST https://cloudresourcemanager.googleapis.com/v1/projects/blgasm:testIamPermissions {"permissions":["datastore.indexes.create","datastore.indexes.delete","datastore.indexes.list","datastore.indexes.update","firebase.projects.get"]}
[info] 
[info] === Deploying to 'blgasm'...
[info] 
[info] i  deploying firestore 
[info] i  firestore: ensuring required API firestore.googleapis.com is enabled... 
[info] i  firestore: ensuring required API firestore.googleapis.com is enabled... 
[debug] [2026-06-04T12:31:34.626Z] Checked if tokens are valid: true, expires at: 1780579409521
[debug] [2026-06-04T12:31:34.626Z] Checked if tokens are valid: true, expires at: 1780579409521
[debug] [2026-06-04T12:31:34.626Z] >>> [apiv2][query] GET https://firestore.googleapis.com/v1/projects/blgasm/databases/(default) [none]
[debug] [2026-06-04T12:31:36.254Z] <<< [apiv2][status] GET https://firestore.googleapis.com/v1/projects/blgasm/databases/(default) 200
[debug] [2026-06-04T12:31:36.255Z] <<< [apiv2][body] GET https://firestore.googleapis.com/v1/projects/blgasm/databases/(default) {"name":"projects/blgasm/databases/(default)","uid":"c29dbdaf-e994-4350-9075-0b0220420c81","createTime":"2026-05-15T17:45:23.960006Z","updateTime":"2026-05-15T17:45:23.960006Z","locationId":"nam5","type":"FIRESTORE_NATIVE","concurrencyMode":"PESSIMISTIC","versionRetentionPeriod":"3600s","earliestVersionTime":"2026-06-04T11:31:37.919133Z","appEngineIntegrationMode":"DISABLED","keyPrefix":"s","pointInTimeRecoveryEnablement":"POINT_IN_TIME_RECOVERY_DISABLED","deleteProtectionState":"DELETE_PROTECTION_DISABLED","databaseEdition":"STANDARD","freeTier":true,"realtimeUpdatesMode":"REALTIME_UPDATES_MODE_ENABLED","etag":"INC/7s3L7ZQDMNuIiKPuu5QD"}
[info] i  firestore: reading indexes from firestore.indexes.json... 
[info] i  cloud.firestore: checking firestore.rules for compilation errors... 
[debug] [2026-06-04T12:31:36.257Z] Checked if tokens are valid: true, expires at: 1780579409521
[debug] [2026-06-04T12:31:36.257Z] Checked if tokens are valid: true, expires at: 1780579409521
[debug] [2026-06-04T12:31:36.257Z] >>> [apiv2][query] POST https://firebaserules.googleapis.com/v1/projects/blgasm:test [none]
[debug] [2026-06-04T12:31:36.258Z] >>> [apiv2][body] POST https://firebaserules.googleapis.com/v1/projects/blgasm:test [omitted]
[debug] [2026-06-04T12:31:37.724Z] <<< [apiv2][status] POST https://firebaserules.googleapis.com/v1/projects/blgasm:test 200
[debug] [2026-06-04T12:31:37.724Z] <<< [apiv2][body] POST https://firebaserules.googleapis.com/v1/projects/blgasm:test {}
[info] +  cloud.firestore: rules file firestore.rules compiled successfully 
[info] i  firestore: deploying indexes... 
[debug] [2026-06-04T12:31:37.725Z] Checked if tokens are valid: true, expires at: 1780579409521
[debug] [2026-06-04T12:31:37.725Z] Checked if tokens are valid: true, expires at: 1780579409521
[debug] [2026-06-04T12:31:37.725Z] >>> [apiv2][query] GET https://firestore.googleapis.com/v1/projects/blgasm/databases/(default)/collectionGroups/-/indexes [none]
[debug] [2026-06-04T12:31:38.052Z] <<< [apiv2][status] GET https://firestore.googleapis.com/v1/projects/blgasm/databases/(default)/collectionGroups/-/indexes 200
[debug] [2026-06-04T12:31:38.052Z] <<< [apiv2][body] GET https://firestore.googleapis.com/v1/projects/blgasm/databases/(default)/collectionGroups/-/indexes {}
[debug] [2026-06-04T12:31:38.053Z] Checked if tokens are valid: true, expires at: 1780579409521
[debug] [2026-06-04T12:31:38.053Z] Checked if tokens are valid: true, expires at: 1780579409521
[debug] [2026-06-04T12:31:38.053Z] >>> [apiv2][query] GET https://firestore.googleapis.com/v1/projects/blgasm/databases/(default)/collectionGroups/-/fields?filter=indexConfig.usesAncestorConfig=false OR ttlConfig:* [none]
[debug] [2026-06-04T12:31:38.369Z] <<< [apiv2][status] GET https://firestore.googleapis.com/v1/projects/blgasm/databases/(default)/collectionGroups/-/fields?filter=indexConfig.usesAncestorConfig=false OR ttlConfig:* 200
[debug] [2026-06-04T12:31:38.369Z] <<< [apiv2][body] GET https://firestore.googleapis.com/v1/projects/blgasm/databases/(default)/collectionGroups/-/fields?filter=indexConfig.usesAncestorConfig=false OR ttlConfig:* {"fields":[{"name":"projects/blgasm/databases/(default)/collectionGroups/__default__/fields/*","indexConfig":{"indexes":[{"queryScope":"COLLECTION","fields":[{"fieldPath":"*","order":"ASCENDING"}],"state":"READY"},{"queryScope":"COLLECTION","fields":[{"fieldPath":"*","order":"DESCENDING"}],"state":"READY"},{"queryScope":"COLLECTION","fields":[{"fieldPath":"*","arrayConfig":"CONTAINS"}],"state":"READY"}]}}]}
[debug] [2026-06-04T12:31:38.369Z] Checked if tokens are valid: true, expires at: 1780579409521
[debug] [2026-06-04T12:31:38.369Z] Checked if tokens are valid: true, expires at: 1780579409521
[debug] [2026-06-04T12:31:38.369Z] >>> [apiv2][query] GET https://firestore.googleapis.com/v1/projects/blgasm/databases/(default) [none]
[debug] [2026-06-04T12:31:38.700Z] <<< [apiv2][status] GET https://firestore.googleapis.com/v1/projects/blgasm/databases/(default) 200
[debug] [2026-06-04T12:31:38.700Z] <<< [apiv2][body] GET https://firestore.googleapis.com/v1/projects/blgasm/databases/(default) {"name":"projects/blgasm/databases/(default)","uid":"c29dbdaf-e994-4350-9075-0b0220420c81","createTime":"2026-05-15T17:45:23.960006Z","updateTime":"2026-05-15T17:45:23.960006Z","locationId":"nam5","type":"FIRESTORE_NATIVE","concurrencyMode":"PESSIMISTIC","versionRetentionPeriod":"3600s","earliestVersionTime":"2026-06-04T11:31:40.367899Z","appEngineIntegrationMode":"DISABLED","keyPrefix":"s","pointInTimeRecoveryEnablement":"POINT_IN_TIME_RECOVERY_DISABLED","deleteProtectionState":"DELETE_PROTECTION_DISABLED","databaseEdition":"STANDARD","freeTier":true,"realtimeUpdatesMode":"REALTIME_UPDATES_MODE_ENABLED","etag":"ILD6g8/L7ZQDMNuIiKPuu5QD"}
[debug] [2026-06-04T12:31:38.700Z] Creating new index: {"collectionGroup":"sales","queryScope":"COLLECTION","fields":[{"fieldPath":"type","order":"ASCENDING"},{"fieldPath":"createdAt","order":"DESCENDING"}]}
[debug] [2026-06-04T12:31:38.701Z] Checked if tokens are valid: true, expires at: 1780579409521
[debug] [2026-06-04T12:31:38.701Z] Checked if tokens are valid: true, expires at: 1780579409521
[debug] [2026-06-04T12:31:38.701Z] >>> [apiv2][query] POST https://firestore.googleapis.com/v1/projects/blgasm/databases/(default)/collectionGroups/sales/indexes [none]
[debug] [2026-06-04T12:31:38.701Z] >>> [apiv2][body] POST https://firestore.googleapis.com/v1/projects/blgasm/databases/(default)/collectionGroups/sales/indexes {"fields":[{"fieldPath":"type","order":"ASCENDING"},{"fieldPath":"createdAt","order":"DESCENDING"}],"queryScope":"COLLECTION"}
[debug] [2026-06-04T12:31:39.217Z] <<< [apiv2][status] POST https://firestore.googleapis.com/v1/projects/blgasm/databases/(default)/collectionGroups/sales/indexes 200
[debug] [2026-06-04T12:31:39.218Z] <<< [apiv2][body] POST https://firestore.googleapis.com/v1/projects/blgasm/databases/(default)/collectionGroups/sales/indexes {"name":"projects/blgasm/databases/(default)/operations/S0U0aFhqT2dBQ0lDDCoDIDU3ZDk5YzNiZDQxMS02M2M5LTAzZDQtZTU2NC0wNjQzYjAxMCQac2VuaWxlcGlwCQpBEg","metadata":{"@type":"type.googleapis.com/google.firestore.admin.v1.IndexOperationMetadata","startTime":"2026-06-04T12:31:40.813728Z","index":"projects/blgasm/databases/(default)/collectionGroups/sales/indexes/CICAgOjXh4EK","state":"INITIALIZING"}}
[debug] [2026-06-04T12:31:39.218Z] Creating new index: {"collectionGroup":"creditTransactions","queryScope":"COLLECTION","fields":[{"fieldPath":"customerId","order":"ASCENDING"},{"fieldPath":"createdAt","order":"DESCENDING"}]}
[debug] [2026-06-04T12:31:39.218Z] Checked if tokens are valid: true, expires at: 1780579409521
[debug] [2026-06-04T12:31:39.218Z] Checked if tokens are valid: true, expires at: 1780579409521
[debug] [2026-06-04T12:31:39.218Z] >>> [apiv2][query] POST https://firestore.googleapis.com/v1/projects/blgasm/databases/(default)/collectionGroups/creditTransactions/indexes [none]
[debug] [2026-06-04T12:31:39.218Z] >>> [apiv2][body] POST https://firestore.googleapis.com/v1/projects/blgasm/databases/(default)/collectionGroups/creditTransactions/indexes {"fields":[{"fieldPath":"customerId","order":"ASCENDING"},{"fieldPath":"createdAt","order":"DESCENDING"}],"queryScope":"COLLECTION"}
[debug] [2026-06-04T12:31:39.868Z] <<< [apiv2][status] POST https://firestore.googleapis.com/v1/projects/blgasm/databases/(default)/collectionGroups/creditTransactions/indexes 200
[debug] [2026-06-04T12:31:39.868Z] <<< [apiv2][body] POST https://firestore.googleapis.com/v1/projects/blgasm/databases/(default)/collectionGroups/creditTransactions/indexes {"name":"projects/blgasm/databases/(default)/operations/S01vcFVpSmdBQ0lDDCoDIDI5YzFmNzY2MGFkYy0wN2NhLWU0NjQtMGQwZC03MDQyMGY3YiQac2VuaWxlcGlwCQpBEg","metadata":{"@type":"type.googleapis.com/google.firestore.admin.v1.IndexOperationMetadata","startTime":"2026-06-04T12:31:41.432545Z","index":"projects/blgasm/databases/(default)/collectionGroups/creditTransactions/indexes/CICAgJiUpoMK","state":"INITIALIZING"}}
[debug] [2026-06-04T12:31:39.868Z] Creating new index: {"collectionGroup":"creditTransactions","queryScope":"COLLECTION","fields":[{"fieldPath":"type","order":"ASCENDING"},{"fieldPath":"createdAt","order":"DESCENDING"}]}
[debug] [2026-06-04T12:31:39.868Z] Checked if tokens are valid: true, expires at: 1780579409521
[debug] [2026-06-04T12:31:39.868Z] Checked if tokens are valid: true, expires at: 1780579409521
[debug] [2026-06-04T12:31:39.869Z] >>> [apiv2][query] POST https://firestore.googleapis.com/v1/projects/blgasm/databases/(default)/collectionGroups/creditTransactions/indexes [none]
[debug] [2026-06-04T12:31:39.869Z] >>> [apiv2][body] POST https://firestore.googleapis.com/v1/projects/blgasm/databases/(default)/collectionGroups/creditTransactions/indexes {"fields":[{"fieldPath":"type","order":"ASCENDING"},{"fieldPath":"createdAt","order":"DESCENDING"}],"queryScope":"COLLECTION"}
[debug] [2026-06-04T12:31:40.411Z] <<< [apiv2][status] POST https://firestore.googleapis.com/v1/projects/blgasm/databases/(default)/collectionGroups/creditTransactions/indexes 200
[debug] [2026-06-04T12:31:40.411Z] <<< [apiv2][body] POST https://firestore.googleapis.com/v1/projects/blgasm/databases/(default)/collectionGroups/creditTransactions/indexes {"name":"projects/blgasm/databases/(default)/operations/S0E0MW1pSmdBQ0lDDCoDIDZhMTdhYjZjODhlNS03YjM4LWI0NTQtOGYzMC1jODY1NTNjMCQac2VuaWxlcGlwCQpBEg","metadata":{"@type":"type.googleapis.com/google.firestore.admin.v1.IndexOperationMetadata","startTime":"2026-06-04T12:31:42.015283Z","index":"projects/blgasm/databases/(default)/collectionGroups/creditTransactions/indexes/CICAgJim14AK","state":"INITIALIZING"}}
[debug] [2026-06-04T12:31:40.411Z] Creating new index: {"collectionGroup":"syncQueue","queryScope":"COLLECTION","fields":[{"fieldPath":"status","order":"ASCENDING"},{"fieldPath":"createdAt","order":"ASCENDING"}]}
[debug] [2026-06-04T12:31:40.412Z] Checked if tokens are valid: true, expires at: 1780579409521
[debug] [2026-06-04T12:31:40.412Z] Checked if tokens are valid: true, expires at: 1780579409521
[debug] [2026-06-04T12:31:40.412Z] >>> [apiv2][query] POST https://firestore.googleapis.com/v1/projects/blgasm/databases/(default)/collectionGroups/syncQueue/indexes [none]
[debug] [2026-06-04T12:31:40.412Z] >>> [apiv2][body] POST https://firestore.googleapis.com/v1/projects/blgasm/databases/(default)/collectionGroups/syncQueue/indexes {"fields":[{"fieldPath":"status","order":"ASCENDING"},{"fieldPath":"createdAt","order":"ASCENDING"}],"queryScope":"COLLECTION"}
[debug] [2026-06-04T12:31:40.962Z] <<< [apiv2][status] POST https://firestore.googleapis.com/v1/projects/blgasm/databases/(default)/collectionGroups/syncQueue/indexes 200
[debug] [2026-06-04T12:31:40.963Z] <<< [apiv2][body] POST https://firestore.googleapis.com/v1/projects/blgasm/databases/(default)/collectionGroups/syncQueue/indexes {"name":"projects/blgasm/databases/(default)/operations/S0FKazNpT2dBQ0lDDCoDIDE0M2I5MTdhNGNhOC0yNTNhLTc3ZTQtYjgzMy1mM2ZiZWM5ZiQac2VuaWxlcGlwCQpBEg","metadata":{"@type":"type.googleapis.com/google.firestore.admin.v1.IndexOperationMetadata","startTime":"2026-06-04T12:31:42.556261Z","index":"projects/blgasm/databases/(default)/collectionGroups/syncQueue/indexes/CICAgOi3kJAK","state":"INITIALIZING"}}
[debug] [2026-06-04T12:31:40.963Z] Creating new index: {"collectionGroup":"auditLog","queryScope":"COLLECTION","fields":[{"fieldPath":"entityType","order":"ASCENDING"},{"fieldPath":"createdAt","order":"DESCENDING"}]}
[debug] [2026-06-04T12:31:40.963Z] Checked if tokens are valid: true, expires at: 1780579409521
[debug] [2026-06-04T12:31:40.963Z] Checked if tokens are valid: true, expires at: 1780579409521
[debug] [2026-06-04T12:31:40.963Z] >>> [apiv2][query] POST https://firestore.googleapis.com/v1/projects/blgasm/databases/(default)/collectionGroups/auditLog/indexes [none]
[debug] [2026-06-04T12:31:40.963Z] >>> [apiv2][body] POST https://firestore.googleapis.com/v1/projects/blgasm/databases/(default)/collectionGroups/auditLog/indexes {"fields":[{"fieldPath":"entityType","order":"ASCENDING"},{"fieldPath":"createdAt","order":"DESCENDING"}],"queryScope":"COLLECTION"}
[debug] [2026-06-04T12:31:41.556Z] <<< [apiv2][status] POST https://firestore.googleapis.com/v1/projects/blgasm/databases/(default)/collectionGroups/auditLog/indexes 200
[debug] [2026-06-04T12:31:41.556Z] <<< [apiv2][body] POST https://firestore.googleapis.com/v1/projects/blgasm/databases/(default)/collectionGroups/auditLog/indexes {"name":"projects/blgasm/databases/(default)/operations/S2tJOTNpT2dBQ0lDDCoDIDA4NWI2MmQ3NzY1NC1hOWM4LTlhYjQtYjM0OS1iZDZhYzZlOSQac2VuaWxlcGlwCQpBEg","metadata":{"@type":"type.googleapis.com/google.firestore.admin.v1.IndexOperationMetadata","startTime":"2026-06-04T12:31:43.158074Z","index":"projects/blgasm/databases/(default)/collectionGroups/auditLog/indexes/CICAgOi39IkK","state":"INITIALIZING"}}
[debug] [2026-06-04T12:31:41.556Z] Creating new index: {"collectionGroup":"products","queryScope":"COLLECTION","fields":[{"fieldPath":"category","order":"ASCENDING"},{"fieldPath":"updatedAt","order":"DESCENDING"}]}
[debug] [2026-06-04T12:31:41.556Z] Checked if tokens are valid: true, expires at: 1780579409521
[debug] [2026-06-04T12:31:41.556Z] Checked if tokens are valid: true, expires at: 1780579409521
[debug] [2026-06-04T12:31:41.556Z] >>> [apiv2][query] POST https://firestore.googleapis.com/v1/projects/blgasm/databases/(default)/collectionGroups/products/indexes [none]
[debug] [2026-06-04T12:31:41.556Z] >>> [apiv2][body] POST https://firestore.googleapis.com/v1/projects/blgasm/databases/(default)/collectionGroups/products/indexes {"fields":[{"fieldPath":"category","order":"ASCENDING"},{"fieldPath":"updatedAt","order":"DESCENDING"}],"queryScope":"COLLECTION"}
[debug] [2026-06-04T12:31:42.208Z] <<< [apiv2][status] POST https://firestore.googleapis.com/v1/projects/blgasm/databases/(default)/collectionGroups/products/indexes 200
[debug] [2026-06-04T12:31:42.208Z] <<< [apiv2][body] POST https://firestore.googleapis.com/v1/projects/blgasm/databases/(default)/collectionGroups/products/indexes {"name":"projects/blgasm/databases/(default)/operations/S0VKaW1qSmdBQ0lDDCoDIDVhYTgzZTI0OTJhOS1kYmI4LTA5NTQtYmEyZi04MTRlODVkMiQac2VuaWxlcGlwCQpBEg","metadata":{"@type":"type.googleapis.com/google.firestore.admin.v1.IndexOperationMetadata","startTime":"2026-06-04T12:31:43.823937Z","index":"projects/blgasm/databases/(default)/collectionGroups/products/indexes/CICAgJjmiJEK","state":"INITIALIZING"}}
[info] +  firestore: deployed indexes in firestore.indexes.json successfully for (default) database 
[info] 
[info] +  Deploy complete! 
[info] 
[info] Project Console: https://console.firebase.google.com/project/blgasm/overview
[debug] [2026-06-04T12:31:47.811Z] Error: Timed out.
    at Timeout.<anonymous> (C:\Users\NXT STORE\AppData\Local\npm-cache\_npx\7750544ccf494d8b\node_modules\firebase-tools\lib\utils.js:310:49)
    at listOnTimeout (node:internal/timers:605:17)
    at process.processTimers (node:internal/timers:541:7)
[error] 
[error] Error: An unexpected error has occurred.
